--------------------------------------------------------------------------------
Release 14.7 Trace  (nt64)
Copyright (c) 1995-2013 Xilinx, Inc.  All rights reserved.

E:\faculta\ISE14.7-Xilinx\14.7\ISE_DS\ISE\bin\nt64\unwrapped\trce.exe -intstyle
ise -v 3 -s 4 -n 3 -fastpaths -xml cpu.twx cpu.ncd -o cpu.twr cpu.pcf

Design file:              cpu.ncd
Physical constraint file: cpu.pcf
Device,package,speed:     xc3s500e,fg320,-4 (PRODUCTION 1.27 2013-10-13)
Report level:             verbose report

Environment Variable      Effect 
--------------------      ------ 
NONE                      No environment variables were set
--------------------------------------------------------------------------------

INFO:Timing:2698 - No timing constraints found, doing default enumeration.
INFO:Timing:3412 - To improve timing, see the Timing Closure User Guide (UG612).
INFO:Timing:2752 - To get complete path coverage, use the unconstrained paths 
   option. All paths that are not constrained will be reported in the 
   unconstrained paths section(s) of the report.
INFO:Timing:3339 - The clock-to-out numbers in this timing report are based on 
   a 50 Ohm transmission line loading model.  For the details of this model, 
   and for more information on accounting for different loading conditions, 
   please see the device datasheet.
INFO:Timing:3390 - This architecture does not support a default System Jitter 
   value, please add SYSTEM_JITTER constraint to the UCF to modify the Clock 
   Uncertainty calculation.
INFO:Timing:3389 - This architecture does not support 'Discrete Jitter' and 
   'Phase Error' calculations, these terms will be zero in the Clock 
   Uncertainty calculation.  Please make appropriate modification to 
   SYSTEM_JITTER to account for the unsupported Discrete Jitter and Phase 
   Error.



Data Sheet report:
-----------------
All values displayed in nanoseconds (ns)

Setup/Hold to clock clk
-------------+------------+------------+------------------+--------+
             |Max Setup to|Max Hold to |                  | Clock  |
Source       | clk (edge) | clk (edge) |Internal Clock(s) | Phase  |
-------------+------------+------------+------------------+--------+
instr<0>     |   11.945(R)|    0.253(R)|clk_BUFGP         |   0.000|
instr<1>     |   15.334(R)|   -0.208(R)|clk_BUFGP         |   0.000|
instr<2>     |   17.895(R)|    0.102(R)|clk_BUFGP         |   0.000|
instr<3>     |   17.324(R)|   -0.027(R)|clk_BUFGP         |   0.000|
instr<4>     |   17.649(R)|   -0.551(R)|clk_BUFGP         |   0.000|
instr<5>     |   16.666(R)|   -0.896(R)|clk_BUFGP         |   0.000|
instr<6>     |   15.612(R)|   -0.294(R)|clk_BUFGP         |   0.000|
instr<7>     |   16.893(R)|   -0.107(R)|clk_BUFGP         |   0.000|
instr<8>     |   20.892(R)|   -0.253(R)|clk_BUFGP         |   0.000|
instr<9>     |   20.432(R)|   -0.338(R)|clk_BUFGP         |   0.000|
instr<10>    |   19.402(R)|   -0.596(R)|clk_BUFGP         |   0.000|
instr<11>    |   22.442(R)|   -1.545(R)|clk_BUFGP         |   0.000|
instr<12>    |   21.710(R)|   -0.568(R)|clk_BUFGP         |   0.000|
instr<13>    |   23.022(R)|   -1.415(R)|clk_BUFGP         |   0.000|
instr<14>    |   22.563(R)|   -1.422(R)|clk_BUFGP         |   0.000|
instr<15>    |   19.569(R)|   -0.212(R)|clk_BUFGP         |   0.000|
read_data<0> |    3.977(R)|   -0.232(R)|clk_BUFGP         |   0.000|
read_data<1> |    4.042(R)|    0.006(R)|clk_BUFGP         |   0.000|
read_data<2> |    3.960(R)|    0.085(R)|clk_BUFGP         |   0.000|
read_data<3> |    4.153(R)|    0.072(R)|clk_BUFGP         |   0.000|
read_data<4> |    2.324(R)|    0.807(R)|clk_BUFGP         |   0.000|
read_data<5> |    1.868(R)|    0.460(R)|clk_BUFGP         |   0.000|
read_data<6> |    1.618(R)|    0.852(R)|clk_BUFGP         |   0.000|
read_data<7> |    2.599(R)|    0.512(R)|clk_BUFGP         |   0.000|
read_data<8> |    1.665(R)|    0.628(R)|clk_BUFGP         |   0.000|
read_data<9> |    1.228(R)|    0.905(R)|clk_BUFGP         |   0.000|
read_data<10>|    2.152(R)|    0.163(R)|clk_BUFGP         |   0.000|
read_data<11>|    2.292(R)|   -0.084(R)|clk_BUFGP         |   0.000|
read_data<12>|    2.173(R)|    0.259(R)|clk_BUFGP         |   0.000|
read_data<13>|    1.872(R)|    0.252(R)|clk_BUFGP         |   0.000|
read_data<14>|    1.919(R)|    0.182(R)|clk_BUFGP         |   0.000|
read_data<15>|    2.004(R)|    0.139(R)|clk_BUFGP         |   0.000|
rst          |    4.722(R)|    0.219(R)|clk_BUFGP         |   0.000|
-------------+------------+------------+------------------+--------+

Clock clk to Pad
--------------+------------+------------------+--------+
              | clk (edge) |                  | Clock  |
Destination   |   to PAD   |Internal Clock(s) | Phase  |
--------------+------------+------------------+--------+
data_Addr<0>  |   17.400(R)|clk_BUFGP         |   0.000|
data_Addr<1>  |   17.519(R)|clk_BUFGP         |   0.000|
data_Addr<2>  |   18.269(R)|clk_BUFGP         |   0.000|
data_Addr<3>  |   19.832(R)|clk_BUFGP         |   0.000|
data_Addr<4>  |   18.760(R)|clk_BUFGP         |   0.000|
data_Addr<5>  |   18.465(R)|clk_BUFGP         |   0.000|
data_Addr<6>  |   18.750(R)|clk_BUFGP         |   0.000|
data_Addr<7>  |   19.569(R)|clk_BUFGP         |   0.000|
data_Addr<8>  |   18.526(R)|clk_BUFGP         |   0.000|
instr_Addr<0> |    7.999(R)|clk_BUFGP         |   0.000|
instr_Addr<1> |    7.195(R)|clk_BUFGP         |   0.000|
instr_Addr<2> |    7.835(R)|clk_BUFGP         |   0.000|
instr_Addr<3> |    8.541(R)|clk_BUFGP         |   0.000|
instr_Addr<4> |    7.736(R)|clk_BUFGP         |   0.000|
instr_Addr<5> |    8.273(R)|clk_BUFGP         |   0.000|
instr_Addr<6> |    7.977(R)|clk_BUFGP         |   0.000|
instr_Addr<7> |    7.510(R)|clk_BUFGP         |   0.000|
instr_Addr<8> |    9.249(R)|clk_BUFGP         |   0.000|
instr_Addr<9> |    8.247(R)|clk_BUFGP         |   0.000|
write_data<0> |   11.953(R)|clk_BUFGP         |   0.000|
write_data<1> |   13.194(R)|clk_BUFGP         |   0.000|
write_data<2> |   13.293(R)|clk_BUFGP         |   0.000|
write_data<3> |   13.426(R)|clk_BUFGP         |   0.000|
write_data<4> |   12.401(R)|clk_BUFGP         |   0.000|
write_data<5> |   13.711(R)|clk_BUFGP         |   0.000|
write_data<6> |   12.340(R)|clk_BUFGP         |   0.000|
write_data<7> |   12.710(R)|clk_BUFGP         |   0.000|
write_data<8> |   11.586(R)|clk_BUFGP         |   0.000|
write_data<9> |   12.463(R)|clk_BUFGP         |   0.000|
write_data<10>|   11.210(R)|clk_BUFGP         |   0.000|
write_data<11>|   10.093(R)|clk_BUFGP         |   0.000|
write_data<12>|   10.138(R)|clk_BUFGP         |   0.000|
write_data<13>|    9.610(R)|clk_BUFGP         |   0.000|
write_data<14>|   10.534(R)|clk_BUFGP         |   0.000|
write_data<15>|   10.645(R)|clk_BUFGP         |   0.000|
--------------+------------+------------------+--------+

Clock to Setup on destination clock clk
---------------+---------+---------+---------+---------+
               | Src:Rise| Src:Fall| Src:Rise| Src:Fall|
Source Clock   |Dest:Rise|Dest:Rise|Dest:Fall|Dest:Fall|
---------------+---------+---------+---------+---------+
clk            |   11.749|         |         |         |
---------------+---------+---------+---------+---------+

Pad to Pad
---------------+---------------+---------+
Source Pad     |Destination Pad|  Delay  |
---------------+---------------+---------+
instr<0>       |data_Addr<0>   |   16.921|
instr<0>       |data_Addr<1>   |   17.323|
instr<0>       |data_Addr<2>   |   17.907|
instr<0>       |data_Addr<3>   |   19.483|
instr<0>       |data_Addr<4>   |   18.276|
instr<0>       |data_Addr<5>   |   17.922|
instr<0>       |data_Addr<6>   |   18.329|
instr<0>       |data_Addr<7>   |   19.350|
instr<0>       |data_Addr<8>   |   18.056|
instr<1>       |data_Addr<0>   |   19.961|
instr<1>       |data_Addr<1>   |   20.211|
instr<1>       |data_Addr<2>   |   21.296|
instr<1>       |data_Addr<3>   |   22.453|
instr<1>       |data_Addr<4>   |   21.071|
instr<1>       |data_Addr<5>   |   19.735|
instr<1>       |data_Addr<6>   |   20.496|
instr<1>       |data_Addr<7>   |   21.505|
instr<1>       |data_Addr<8>   |   20.217|
instr<2>       |data_Addr<0>   |   22.802|
instr<2>       |data_Addr<1>   |   23.086|
instr<2>       |data_Addr<2>   |   23.491|
instr<2>       |data_Addr<3>   |   25.425|
instr<2>       |data_Addr<4>   |   23.986|
instr<2>       |data_Addr<5>   |   23.882|
instr<2>       |data_Addr<6>   |   24.039|
instr<2>       |data_Addr<7>   |   25.310|
instr<2>       |data_Addr<8>   |   23.822|
instr<3>       |data_Addr<0>   |   22.311|
instr<3>       |data_Addr<1>   |   22.561|
instr<3>       |data_Addr<2>   |   23.000|
instr<3>       |data_Addr<3>   |   24.803|
instr<3>       |data_Addr<4>   |   23.421|
instr<3>       |data_Addr<5>   |   22.085|
instr<3>       |data_Addr<6>   |   22.846|
instr<3>       |data_Addr<7>   |   23.855|
instr<3>       |data_Addr<8>   |   23.116|
instr<4>       |data_Addr<0>   |   22.556|
instr<4>       |data_Addr<1>   |   22.840|
instr<4>       |data_Addr<2>   |   23.245|
instr<4>       |data_Addr<3>   |   25.179|
instr<4>       |data_Addr<4>   |   23.740|
instr<4>       |data_Addr<5>   |   23.636|
instr<4>       |data_Addr<6>   |   23.793|
instr<4>       |data_Addr<7>   |   25.064|
instr<4>       |data_Addr<8>   |   23.576|
instr<5>       |data_Addr<0>   |   21.474|
instr<5>       |data_Addr<1>   |   21.659|
instr<5>       |data_Addr<2>   |   22.277|
instr<5>       |data_Addr<3>   |   24.108|
instr<5>       |data_Addr<4>   |   22.727|
instr<5>       |data_Addr<5>   |   22.455|
instr<5>       |data_Addr<6>   |   22.836|
instr<5>       |data_Addr<7>   |   23.993|
instr<5>       |data_Addr<8>   |   22.719|
instr<6>       |data_Addr<0>   |   20.466|
instr<6>       |data_Addr<1>   |   20.750|
instr<6>       |data_Addr<2>   |   21.155|
instr<6>       |data_Addr<3>   |   23.089|
instr<6>       |data_Addr<4>   |   21.651|
instr<6>       |data_Addr<5>   |   21.546|
instr<6>       |data_Addr<6>   |   21.703|
instr<6>       |data_Addr<7>   |   22.974|
instr<6>       |data_Addr<8>   |   21.486|
instr<7>       |data_Addr<0>   |   21.880|
instr<7>       |data_Addr<1>   |   22.130|
instr<7>       |data_Addr<2>   |   22.569|
instr<7>       |data_Addr<3>   |   24.372|
instr<7>       |data_Addr<4>   |   22.990|
instr<7>       |data_Addr<5>   |   21.654|
instr<7>       |data_Addr<6>   |   22.415|
instr<7>       |data_Addr<7>   |   23.424|
instr<7>       |data_Addr<8>   |   22.685|
instr<7>       |write_data<0>  |   12.647|
instr<7>       |write_data<1>  |   13.753|
instr<7>       |write_data<2>  |   12.775|
instr<7>       |write_data<3>  |   13.676|
instr<7>       |write_data<4>  |   12.955|
instr<7>       |write_data<5>  |   13.844|
instr<7>       |write_data<6>  |   12.766|
instr<7>       |write_data<7>  |   11.915|
instr<7>       |write_data<8>  |   10.921|
instr<7>       |write_data<9>  |   12.230|
instr<7>       |write_data<10> |   12.439|
instr<7>       |write_data<11> |   11.618|
instr<7>       |write_data<12> |   11.821|
instr<7>       |write_data<13> |   11.796|
instr<7>       |write_data<14> |   12.251|
instr<7>       |write_data<15> |   11.072|
instr<8>       |data_Addr<0>   |   25.700|
instr<8>       |data_Addr<1>   |   25.885|
instr<8>       |data_Addr<2>   |   26.503|
instr<8>       |data_Addr<3>   |   28.334|
instr<8>       |data_Addr<4>   |   26.953|
instr<8>       |data_Addr<5>   |   26.681|
instr<8>       |data_Addr<6>   |   27.062|
instr<8>       |data_Addr<7>   |   28.219|
instr<8>       |data_Addr<8>   |   26.945|
instr<8>       |write_data<0>  |   11.632|
instr<8>       |write_data<1>  |   12.857|
instr<8>       |write_data<2>  |   12.285|
instr<8>       |write_data<3>  |   12.124|
instr<8>       |write_data<4>  |   11.301|
instr<8>       |write_data<5>  |   12.552|
instr<8>       |write_data<6>  |   10.834|
instr<8>       |write_data<7>  |   11.070|
instr<8>       |write_data<8>  |    9.550|
instr<8>       |write_data<9>  |   11.401|
instr<8>       |write_data<10> |   11.595|
instr<8>       |write_data<11> |   10.230|
instr<8>       |write_data<12> |   11.346|
instr<8>       |write_data<13> |   11.691|
instr<8>       |write_data<14> |   11.070|
instr<8>       |write_data<15> |   10.404|
instr<9>       |data_Addr<0>   |   25.240|
instr<9>       |data_Addr<1>   |   25.425|
instr<9>       |data_Addr<2>   |   26.043|
instr<9>       |data_Addr<3>   |   27.874|
instr<9>       |data_Addr<4>   |   26.493|
instr<9>       |data_Addr<5>   |   26.221|
instr<9>       |data_Addr<6>   |   26.602|
instr<9>       |data_Addr<7>   |   27.759|
instr<9>       |data_Addr<8>   |   26.485|
instr<9>       |write_data<0>  |   11.704|
instr<9>       |write_data<1>  |   12.929|
instr<9>       |write_data<2>  |   12.357|
instr<9>       |write_data<3>  |   12.196|
instr<9>       |write_data<4>  |   11.472|
instr<9>       |write_data<5>  |   12.624|
instr<9>       |write_data<6>  |   11.283|
instr<9>       |write_data<7>  |   11.142|
instr<9>       |write_data<8>  |    9.622|
instr<9>       |write_data<9>  |   11.473|
instr<9>       |write_data<10> |   11.667|
instr<9>       |write_data<11> |   10.302|
instr<9>       |write_data<12> |   11.418|
instr<9>       |write_data<13> |   11.763|
instr<9>       |write_data<14> |   11.142|
instr<9>       |write_data<15> |   10.476|
instr<9>       |write_enable   |   10.327|
instr<10>      |data_Addr<0>   |   24.309|
instr<10>      |data_Addr<1>   |   24.593|
instr<10>      |data_Addr<2>   |   24.998|
instr<10>      |data_Addr<3>   |   26.932|
instr<10>      |data_Addr<4>   |   25.493|
instr<10>      |data_Addr<5>   |   25.389|
instr<10>      |data_Addr<6>   |   25.546|
instr<10>      |data_Addr<7>   |   26.817|
instr<10>      |data_Addr<8>   |   25.329|
instr<10>      |write_data<0>  |   12.388|
instr<10>      |write_data<1>  |   13.586|
instr<10>      |write_data<2>  |   13.014|
instr<10>      |write_data<3>  |   13.417|
instr<10>      |write_data<4>  |   12.696|
instr<10>      |write_data<5>  |   13.585|
instr<10>      |write_data<6>  |   12.507|
instr<10>      |write_data<7>  |   11.799|
instr<10>      |write_data<8>  |   10.662|
instr<10>      |write_data<9>  |   12.130|
instr<10>      |write_data<10> |   12.324|
instr<10>      |write_data<11> |   11.359|
instr<10>      |write_data<12> |   12.075|
instr<10>      |write_data<13> |   12.420|
instr<10>      |write_data<14> |   11.992|
instr<10>      |write_data<15> |   11.133|
instr<10>      |write_enable   |    9.682|
instr<11>      |data_Addr<0>   |   27.120|
instr<11>      |data_Addr<1>   |   27.198|
instr<11>      |data_Addr<2>   |   27.884|
instr<11>      |data_Addr<3>   |   29.777|
instr<11>      |data_Addr<4>   |   28.481|
instr<11>      |data_Addr<5>   |   27.759|
instr<11>      |data_Addr<6>   |   28.443|
instr<11>      |data_Addr<7>   |   29.662|
instr<11>      |data_Addr<8>   |   28.023|
instr<11>      |write_data<0>  |   14.075|
instr<11>      |write_data<1>  |   15.181|
instr<11>      |write_data<2>  |   14.346|
instr<11>      |write_data<3>  |   15.104|
instr<11>      |write_data<4>  |   14.383|
instr<11>      |write_data<5>  |   15.272|
instr<11>      |write_data<6>  |   14.194|
instr<11>      |write_data<7>  |   13.343|
instr<11>      |write_data<8>  |   12.349|
instr<11>      |write_data<9>  |   13.658|
instr<11>      |write_data<10> |   13.867|
instr<11>      |write_data<11> |   13.046|
instr<11>      |write_data<12> |   13.407|
instr<11>      |write_data<13> |   13.752|
instr<11>      |write_data<14> |   13.679|
instr<11>      |write_data<15> |   12.500|
instr<11>      |write_enable   |   12.438|
instr<12>      |data_Addr<0>   |   26.388|
instr<12>      |data_Addr<1>   |   26.466|
instr<12>      |data_Addr<2>   |   27.152|
instr<12>      |data_Addr<3>   |   29.045|
instr<12>      |data_Addr<4>   |   27.749|
instr<12>      |data_Addr<5>   |   27.027|
instr<12>      |data_Addr<6>   |   27.711|
instr<12>      |data_Addr<7>   |   28.930|
instr<12>      |data_Addr<8>   |   27.291|
instr<12>      |write_data<0>  |   14.721|
instr<12>      |write_data<1>  |   15.827|
instr<12>      |write_data<2>  |   14.849|
instr<12>      |write_data<3>  |   15.750|
instr<12>      |write_data<4>  |   15.029|
instr<12>      |write_data<5>  |   15.918|
instr<12>      |write_data<6>  |   14.840|
instr<12>      |write_data<7>  |   13.989|
instr<12>      |write_data<8>  |   12.995|
instr<12>      |write_data<9>  |   14.304|
instr<12>      |write_data<10> |   14.513|
instr<12>      |write_data<11> |   13.692|
instr<12>      |write_data<12> |   13.895|
instr<12>      |write_data<13> |   14.109|
instr<12>      |write_data<14> |   14.325|
instr<12>      |write_data<15> |   13.146|
instr<12>      |write_enable   |   13.084|
instr<13>      |data_Addr<0>   |   27.700|
instr<13>      |data_Addr<1>   |   27.778|
instr<13>      |data_Addr<2>   |   28.464|
instr<13>      |data_Addr<3>   |   30.357|
instr<13>      |data_Addr<4>   |   29.061|
instr<13>      |data_Addr<5>   |   28.339|
instr<13>      |data_Addr<6>   |   29.023|
instr<13>      |data_Addr<7>   |   30.242|
instr<13>      |data_Addr<8>   |   28.603|
instr<13>      |write_data<0>  |   14.531|
instr<13>      |write_data<1>  |   15.756|
instr<13>      |write_data<2>  |   15.184|
instr<13>      |write_data<3>  |   15.023|
instr<13>      |write_data<4>  |   14.200|
instr<13>      |write_data<5>  |   15.451|
instr<13>      |write_data<6>  |   13.733|
instr<13>      |write_data<7>  |   13.969|
instr<13>      |write_data<8>  |   12.449|
instr<13>      |write_data<9>  |   14.300|
instr<13>      |write_data<10> |   14.494|
instr<13>      |write_data<11> |   13.129|
instr<13>      |write_data<12> |   14.245|
instr<13>      |write_data<13> |   14.590|
instr<13>      |write_data<14> |   13.969|
instr<13>      |write_data<15> |   13.303|
instr<13>      |write_enable   |   12.232|
instr<14>      |data_Addr<0>   |   27.241|
instr<14>      |data_Addr<1>   |   27.319|
instr<14>      |data_Addr<2>   |   28.005|
instr<14>      |data_Addr<3>   |   29.898|
instr<14>      |data_Addr<4>   |   28.602|
instr<14>      |data_Addr<5>   |   27.880|
instr<14>      |data_Addr<6>   |   28.564|
instr<14>      |data_Addr<7>   |   29.783|
instr<14>      |data_Addr<8>   |   28.144|
instr<14>      |write_data<0>  |   14.128|
instr<14>      |write_data<1>  |   15.234|
instr<14>      |write_data<2>  |   14.256|
instr<14>      |write_data<3>  |   15.157|
instr<14>      |write_data<4>  |   14.436|
instr<14>      |write_data<5>  |   15.325|
instr<14>      |write_data<6>  |   14.247|
instr<14>      |write_data<7>  |   13.396|
instr<14>      |write_data<8>  |   12.402|
instr<14>      |write_data<9>  |   13.711|
instr<14>      |write_data<10> |   13.920|
instr<14>      |write_data<11> |   13.099|
instr<14>      |write_data<12> |   13.302|
instr<14>      |write_data<13> |   13.516|
instr<14>      |write_data<14> |   13.732|
instr<14>      |write_data<15> |   12.553|
instr<14>      |write_enable   |   12.491|
instr<15>      |data_Addr<0>   |   24.247|
instr<15>      |data_Addr<1>   |   24.325|
instr<15>      |data_Addr<2>   |   25.011|
instr<15>      |data_Addr<3>   |   26.904|
instr<15>      |data_Addr<4>   |   25.608|
instr<15>      |data_Addr<5>   |   25.087|
instr<15>      |data_Addr<6>   |   25.570|
instr<15>      |data_Addr<7>   |   26.789|
instr<15>      |data_Addr<8>   |   25.351|
instr<15>      |write_data<0>  |   12.701|
instr<15>      |write_data<1>  |   13.926|
instr<15>      |write_data<2>  |   13.354|
instr<15>      |write_data<3>  |   13.723|
instr<15>      |write_data<4>  |   13.002|
instr<15>      |write_data<5>  |   13.891|
instr<15>      |write_data<6>  |   12.813|
instr<15>      |write_data<7>  |   12.139|
instr<15>      |write_data<8>  |   10.968|
instr<15>      |write_data<9>  |   12.470|
instr<15>      |write_data<10> |   12.664|
instr<15>      |write_data<11> |   11.665|
instr<15>      |write_data<12> |   12.415|
instr<15>      |write_data<13> |   12.760|
instr<15>      |write_data<14> |   12.298|
instr<15>      |write_data<15> |   11.473|
instr<15>      |write_enable   |    6.917|
---------------+---------------+---------+


Analysis completed Wed Dec 14 01:17:22 2022 
--------------------------------------------------------------------------------

Trace Settings:
-------------------------
Trace Settings 

Peak Memory Usage: 4527 MB



