--------------------------------------------------------------------------------
Release 14.7 Trace  (nt64)
Copyright (c) 1995-2013 Xilinx, Inc.  All rights reserved.

E:\faculta\ISE14.7-Xilinx\14.7\ISE_DS\ISE\bin\nt64\unwrapped\trce.exe -intstyle
ise -v 3 -s 4 -n 3 -fastpaths -xml cpu.twx cpu.ncd -o cpu.twr cpu.pcf

Design file:              cpu.ncd
Physical constraint file: cpu.pcf
Device,package,speed:     xc3s500e,fg320,-4 (PRODUCTION 1.27 2013-10-13)
Report level:             verbose report

Environment Variable      Effect 
--------------------      ------ 
NONE                      No environment variables were set
--------------------------------------------------------------------------------

INFO:Timing:2698 - No timing constraints found, doing default enumeration.
INFO:Timing:3412 - To improve timing, see the Timing Closure User Guide (UG612).
INFO:Timing:2752 - To get complete path coverage, use the unconstrained paths 
   option. All paths that are not constrained will be reported in the 
   unconstrained paths section(s) of the report.
INFO:Timing:3339 - The clock-to-out numbers in this timing report are based on 
   a 50 Ohm transmission line loading model.  For the details of this model, 
   and for more information on accounting for different loading conditions, 
   please see the device datasheet.
INFO:Timing:3390 - This architecture does not support a default System Jitter 
   value, please add SYSTEM_JITTER constraint to the UCF to modify the Clock 
   Uncertainty calculation.
INFO:Timing:3389 - This architecture does not support 'Discrete Jitter' and 
   'Phase Error' calculations, these terms will be zero in the Clock 
   Uncertainty calculation.  Please make appropriate modification to 
   SYSTEM_JITTER to account for the unsupported Discrete Jitter and Phase 
   Error.



Data Sheet report:
-----------------
All values displayed in nanoseconds (ns)

Setup/Hold to clock clk
-------------+------------+------------+------------------+--------+
             |Max Setup to|Max Hold to |                  | Clock  |
Source       | clk (edge) | clk (edge) |Internal Clock(s) | Phase  |
-------------+------------+------------+------------------+--------+
instr<0>     |   11.187(R)|   -0.894(R)|clk_BUFGP         |   0.000|
instr<1>     |   17.684(R)|   -2.196(R)|clk_BUFGP         |   0.000|
instr<2>     |   21.894(R)|   -1.912(R)|clk_BUFGP         |   0.000|
instr<3>     |   20.560(R)|   -1.609(R)|clk_BUFGP         |   0.000|
instr<4>     |   21.204(R)|   -1.497(R)|clk_BUFGP         |   0.000|
instr<5>     |   18.985(R)|   -2.421(R)|clk_BUFGP         |   0.000|
instr<6>     |   17.917(R)|   -0.680(R)|clk_BUFGP         |   0.000|
instr<7>     |   20.388(R)|   -0.193(R)|clk_BUFGP         |   0.000|
instr<8>     |   19.819(R)|   -0.804(R)|clk_BUFGP         |   0.000|
instr<9>     |   18.526(R)|    0.199(R)|clk_BUFGP         |   0.000|
instr<10>    |   19.872(R)|    0.809(R)|clk_BUFGP         |   0.000|
instr<11>    |   20.937(R)|   -0.351(R)|clk_BUFGP         |   0.000|
instr<12>    |   20.083(R)|   -1.195(R)|clk_BUFGP         |   0.000|
instr<13>    |   20.428(R)|   -0.873(R)|clk_BUFGP         |   0.000|
instr<14>    |   19.796(R)|   -0.489(R)|clk_BUFGP         |   0.000|
instr<15>    |   19.820(R)|   -0.552(R)|clk_BUFGP         |   0.000|
read_data<0> |    2.492(R)|    0.516(R)|clk_BUFGP         |   0.000|
read_data<1> |    6.059(R)|    0.122(R)|clk_BUFGP         |   0.000|
read_data<2> |    4.860(R)|    0.235(R)|clk_BUFGP         |   0.000|
read_data<3> |    3.894(R)|    0.309(R)|clk_BUFGP         |   0.000|
read_data<4> |    6.263(R)|    0.617(R)|clk_BUFGP         |   0.000|
read_data<5> |    3.047(R)|    0.705(R)|clk_BUFGP         |   0.000|
read_data<6> |    5.317(R)|    0.613(R)|clk_BUFGP         |   0.000|
read_data<7> |    3.068(R)|    0.523(R)|clk_BUFGP         |   0.000|
read_data<8> |    2.443(R)|    0.518(R)|clk_BUFGP         |   0.000|
read_data<9> |    2.482(R)|    0.534(R)|clk_BUFGP         |   0.000|
read_data<10>|    2.164(R)|    0.035(R)|clk_BUFGP         |   0.000|
read_data<11>|    1.795(R)|    0.821(R)|clk_BUFGP         |   0.000|
read_data<12>|    2.472(R)|   -0.221(R)|clk_BUFGP         |   0.000|
read_data<13>|    2.621(R)|   -0.150(R)|clk_BUFGP         |   0.000|
read_data<14>|    2.817(R)|   -0.306(R)|clk_BUFGP         |   0.000|
read_data<15>|    2.522(R)|   -0.028(R)|clk_BUFGP         |   0.000|
rst          |    5.210(R)|    0.693(R)|clk_BUFGP         |   0.000|
-------------+------------+------------+------------------+--------+

Clock clk to Pad
--------------+------------+------------------+--------+
              | clk (edge) |                  | Clock  |
Destination   |   to PAD   |Internal Clock(s) | Phase  |
--------------+------------+------------------+--------+
data_Addr<0>  |   18.489(R)|clk_BUFGP         |   0.000|
data_Addr<1>  |   19.635(R)|clk_BUFGP         |   0.000|
data_Addr<2>  |   18.100(R)|clk_BUFGP         |   0.000|
data_Addr<3>  |   17.680(R)|clk_BUFGP         |   0.000|
data_Addr<4>  |   19.184(R)|clk_BUFGP         |   0.000|
data_Addr<5>  |   18.075(R)|clk_BUFGP         |   0.000|
data_Addr<6>  |   18.160(R)|clk_BUFGP         |   0.000|
data_Addr<7>  |   18.665(R)|clk_BUFGP         |   0.000|
data_Addr<8>  |   19.957(R)|clk_BUFGP         |   0.000|
data_Addr<9>  |   18.964(R)|clk_BUFGP         |   0.000|
data_Addr<10> |   19.287(R)|clk_BUFGP         |   0.000|
data_Addr<11> |   19.240(R)|clk_BUFGP         |   0.000|
data_Addr<12> |   20.487(R)|clk_BUFGP         |   0.000|
data_Addr<13> |   19.636(R)|clk_BUFGP         |   0.000|
data_Addr<14> |   19.528(R)|clk_BUFGP         |   0.000|
data_Addr<15> |   19.556(R)|clk_BUFGP         |   0.000|
instr_Addr<0> |    7.232(R)|clk_BUFGP         |   0.000|
instr_Addr<1> |    7.503(R)|clk_BUFGP         |   0.000|
instr_Addr<2> |    7.739(R)|clk_BUFGP         |   0.000|
instr_Addr<3> |    7.745(R)|clk_BUFGP         |   0.000|
instr_Addr<4> |    7.211(R)|clk_BUFGP         |   0.000|
instr_Addr<5> |    7.454(R)|clk_BUFGP         |   0.000|
instr_Addr<6> |    7.781(R)|clk_BUFGP         |   0.000|
instr_Addr<7> |    7.489(R)|clk_BUFGP         |   0.000|
instr_Addr<8> |    7.484(R)|clk_BUFGP         |   0.000|
instr_Addr<9> |    7.212(R)|clk_BUFGP         |   0.000|
write_data<0> |    9.878(R)|clk_BUFGP         |   0.000|
write_data<1> |    9.078(R)|clk_BUFGP         |   0.000|
write_data<2> |    9.717(R)|clk_BUFGP         |   0.000|
write_data<3> |    9.982(R)|clk_BUFGP         |   0.000|
write_data<4> |    9.834(R)|clk_BUFGP         |   0.000|
write_data<5> |   10.099(R)|clk_BUFGP         |   0.000|
write_data<6> |   10.155(R)|clk_BUFGP         |   0.000|
write_data<7> |    9.264(R)|clk_BUFGP         |   0.000|
write_data<8> |    9.841(R)|clk_BUFGP         |   0.000|
write_data<9> |   10.228(R)|clk_BUFGP         |   0.000|
write_data<10>|    9.541(R)|clk_BUFGP         |   0.000|
write_data<11>|    9.320(R)|clk_BUFGP         |   0.000|
write_data<12>|    9.458(R)|clk_BUFGP         |   0.000|
write_data<13>|   10.016(R)|clk_BUFGP         |   0.000|
write_data<14>|    9.522(R)|clk_BUFGP         |   0.000|
write_data<15>|    9.759(R)|clk_BUFGP         |   0.000|
--------------+------------+------------------+--------+

Clock to Setup on destination clock clk
---------------+---------+---------+---------+---------+
               | Src:Rise| Src:Fall| Src:Rise| Src:Fall|
Source Clock   |Dest:Rise|Dest:Rise|Dest:Fall|Dest:Fall|
---------------+---------+---------+---------+---------+
clk            |   12.114|         |         |         |
---------------+---------+---------+---------+---------+

Pad to Pad
---------------+---------------+---------+
Source Pad     |Destination Pad|  Delay  |
---------------+---------------+---------+
instr<0>       |data_Addr<0>   |   16.781|
instr<0>       |data_Addr<1>   |   17.631|
instr<0>       |data_Addr<2>   |   16.590|
instr<0>       |data_Addr<3>   |   16.071|
instr<0>       |data_Addr<4>   |   17.395|
instr<0>       |data_Addr<5>   |   16.205|
instr<0>       |data_Addr<6>   |   16.591|
instr<0>       |data_Addr<7>   |   17.154|
instr<0>       |data_Addr<8>   |   18.419|
instr<0>       |data_Addr<9>   |   17.402|
instr<0>       |data_Addr<10>  |   17.777|
instr<0>       |data_Addr<11>  |   17.730|
instr<0>       |data_Addr<12>  |   18.669|
instr<0>       |data_Addr<13>  |   18.074|
instr<0>       |data_Addr<14>  |   17.582|
instr<0>       |data_Addr<15>  |   18.046|
instr<1>       |data_Addr<0>   |   23.256|
instr<1>       |data_Addr<1>   |   23.382|
instr<1>       |data_Addr<2>   |   22.744|
instr<1>       |data_Addr<3>   |   22.644|
instr<1>       |data_Addr<4>   |   22.514|
instr<1>       |data_Addr<5>   |   21.960|
instr<1>       |data_Addr<6>   |   23.000|
instr<1>       |data_Addr<7>   |   23.130|
instr<1>       |data_Addr<8>   |   23.892|
instr<1>       |data_Addr<9>   |   23.021|
instr<1>       |data_Addr<10>  |   23.216|
instr<1>       |data_Addr<11>  |   22.849|
instr<1>       |data_Addr<12>  |   25.318|
instr<1>       |data_Addr<13>  |   23.992|
instr<1>       |data_Addr<14>  |   23.463|
instr<1>       |data_Addr<15>  |   24.064|
instr<2>       |data_Addr<0>   |   27.123|
instr<2>       |data_Addr<1>   |   28.860|
instr<2>       |data_Addr<2>   |   27.136|
instr<2>       |data_Addr<3>   |   26.653|
instr<2>       |data_Addr<4>   |   27.941|
instr<2>       |data_Addr<5>   |   27.087|
instr<2>       |data_Addr<6>   |   27.264|
instr<2>       |data_Addr<7>   |   27.700|
instr<2>       |data_Addr<8>   |   28.965|
instr<2>       |data_Addr<9>   |   27.812|
instr<2>       |data_Addr<10>  |   27.998|
instr<2>       |data_Addr<11>  |   28.317|
instr<2>       |data_Addr<12>  |   29.203|
instr<2>       |data_Addr<13>  |   28.617|
instr<2>       |data_Addr<14>  |   28.811|
instr<2>       |data_Addr<15>  |   28.615|
instr<3>       |data_Addr<0>   |   26.381|
instr<3>       |data_Addr<1>   |   27.119|
instr<3>       |data_Addr<2>   |   25.898|
instr<3>       |data_Addr<3>   |   25.374|
instr<3>       |data_Addr<4>   |   27.075|
instr<3>       |data_Addr<5>   |   25.529|
instr<3>       |data_Addr<6>   |   25.987|
instr<3>       |data_Addr<7>   |   26.346|
instr<3>       |data_Addr<8>   |   27.611|
instr<3>       |data_Addr<9>   |   26.458|
instr<3>       |data_Addr<10>  |   26.757|
instr<3>       |data_Addr<11>  |   27.058|
instr<3>       |data_Addr<12>  |   28.197|
instr<3>       |data_Addr<13>  |   27.250|
instr<3>       |data_Addr<14>  |   27.070|
instr<3>       |data_Addr<15>  |   27.414|
instr<4>       |data_Addr<0>   |   26.573|
instr<4>       |data_Addr<1>   |   28.170|
instr<4>       |data_Addr<2>   |   26.446|
instr<4>       |data_Addr<3>   |   25.963|
instr<4>       |data_Addr<4>   |   27.267|
instr<4>       |data_Addr<5>   |   26.397|
instr<4>       |data_Addr<6>   |   26.574|
instr<4>       |data_Addr<7>   |   27.010|
instr<4>       |data_Addr<8>   |   28.275|
instr<4>       |data_Addr<9>   |   27.122|
instr<4>       |data_Addr<10>  |   27.308|
instr<4>       |data_Addr<11>  |   27.627|
instr<4>       |data_Addr<12>  |   28.513|
instr<4>       |data_Addr<13>  |   27.927|
instr<4>       |data_Addr<14>  |   28.121|
instr<4>       |data_Addr<15>  |   27.925|
instr<5>       |data_Addr<0>   |   24.842|
instr<5>       |data_Addr<1>   |   24.980|
instr<5>       |data_Addr<2>   |   23.974|
instr<5>       |data_Addr<3>   |   23.907|
instr<5>       |data_Addr<4>   |   24.868|
instr<5>       |data_Addr<5>   |   23.761|
instr<5>       |data_Addr<6>   |   24.081|
instr<5>       |data_Addr<7>   |   24.870|
instr<5>       |data_Addr<8>   |   26.000|
instr<5>       |data_Addr<9>   |   25.007|
instr<5>       |data_Addr<10>  |   25.267|
instr<5>       |data_Addr<11>  |   25.200|
instr<5>       |data_Addr<12>  |   26.205|
instr<5>       |data_Addr<13>  |   25.679|
instr<5>       |data_Addr<14>  |   25.166|
instr<5>       |data_Addr<15>  |   25.812|
instr<6>       |data_Addr<0>   |   23.146|
instr<6>       |data_Addr<1>   |   24.883|
instr<6>       |data_Addr<2>   |   23.159|
instr<6>       |data_Addr<3>   |   22.676|
instr<6>       |data_Addr<4>   |   23.964|
instr<6>       |data_Addr<5>   |   23.110|
instr<6>       |data_Addr<6>   |   23.287|
instr<6>       |data_Addr<7>   |   23.723|
instr<6>       |data_Addr<8>   |   24.988|
instr<6>       |data_Addr<9>   |   23.835|
instr<6>       |data_Addr<10>  |   24.021|
instr<6>       |data_Addr<11>  |   24.340|
instr<6>       |data_Addr<12>  |   25.226|
instr<6>       |data_Addr<13>  |   24.640|
instr<6>       |data_Addr<14>  |   24.834|
instr<6>       |data_Addr<15>  |   24.638|
instr<7>       |data_Addr<0>   |   25.083|
instr<7>       |data_Addr<1>   |   26.617|
instr<7>       |data_Addr<2>   |   25.316|
instr<7>       |data_Addr<3>   |   24.609|
instr<7>       |data_Addr<4>   |   24.476|
instr<7>       |data_Addr<5>   |   23.691|
instr<7>       |data_Addr<6>   |   25.949|
instr<7>       |data_Addr<7>   |   24.861|
instr<7>       |data_Addr<8>   |   25.632|
instr<7>       |data_Addr<9>   |   24.752|
instr<7>       |data_Addr<10>  |   25.980|
instr<7>       |data_Addr<11>  |   26.090|
instr<7>       |data_Addr<12>  |   27.322|
instr<7>       |data_Addr<13>  |   26.111|
instr<7>       |data_Addr<14>  |   25.781|
instr<7>       |data_Addr<15>  |   25.929|
instr<7>       |write_data<0>  |   12.756|
instr<7>       |write_data<1>  |   12.548|
instr<7>       |write_data<2>  |   13.014|
instr<7>       |write_data<3>  |   12.524|
instr<7>       |write_data<4>  |   11.652|
instr<7>       |write_data<5>  |   12.384|
instr<7>       |write_data<6>  |   12.545|
instr<7>       |write_data<7>  |   11.809|
instr<7>       |write_data<8>  |   11.604|
instr<7>       |write_data<9>  |   11.753|
instr<7>       |write_data<10> |   12.203|
instr<7>       |write_data<11> |   12.196|
instr<7>       |write_data<12> |   11.476|
instr<7>       |write_data<13> |   11.947|
instr<7>       |write_data<14> |   10.932|
instr<7>       |write_data<15> |   11.329|
instr<8>       |data_Addr<0>   |   25.048|
instr<8>       |data_Addr<1>   |   26.785|
instr<8>       |data_Addr<2>   |   25.061|
instr<8>       |data_Addr<3>   |   24.578|
instr<8>       |data_Addr<4>   |   25.866|
instr<8>       |data_Addr<5>   |   25.012|
instr<8>       |data_Addr<6>   |   25.189|
instr<8>       |data_Addr<7>   |   25.625|
instr<8>       |data_Addr<8>   |   26.890|
instr<8>       |data_Addr<9>   |   25.737|
instr<8>       |data_Addr<10>  |   25.923|
instr<8>       |data_Addr<11>  |   26.242|
instr<8>       |data_Addr<12>  |   27.128|
instr<8>       |data_Addr<13>  |   26.542|
instr<8>       |data_Addr<14>  |   26.736|
instr<8>       |data_Addr<15>  |   26.540|
instr<9>       |data_Addr<0>   |   24.098|
instr<9>       |data_Addr<1>   |   25.322|
instr<9>       |data_Addr<2>   |   23.598|
instr<9>       |data_Addr<3>   |   23.486|
instr<9>       |data_Addr<4>   |   24.403|
instr<9>       |data_Addr<5>   |   23.549|
instr<9>       |data_Addr<6>   |   23.842|
instr<9>       |data_Addr<7>   |   24.162|
instr<9>       |data_Addr<8>   |   25.427|
instr<9>       |data_Addr<9>   |   24.274|
instr<9>       |data_Addr<10>  |   24.515|
instr<9>       |data_Addr<11>  |   24.779|
instr<9>       |data_Addr<12>  |   26.160|
instr<9>       |data_Addr<13>  |   25.079|
instr<9>       |data_Addr<14>  |   25.273|
instr<9>       |data_Addr<15>  |   25.077|
instr<9>       |write_data<0>  |   11.053|
instr<9>       |write_data<1>  |   10.845|
instr<9>       |write_data<2>  |   11.311|
instr<9>       |write_data<3>  |   10.821|
instr<9>       |write_data<4>  |    9.949|
instr<9>       |write_data<5>  |   10.681|
instr<9>       |write_data<6>  |   10.842|
instr<9>       |write_data<7>  |   10.106|
instr<9>       |write_data<8>  |    9.901|
instr<9>       |write_data<9>  |   10.050|
instr<9>       |write_data<10> |   10.500|
instr<9>       |write_data<11> |   10.493|
instr<9>       |write_data<12> |    9.773|
instr<9>       |write_data<13> |   10.244|
instr<9>       |write_data<14> |    9.229|
instr<9>       |write_data<15> |    9.626|
instr<9>       |write_enable   |    7.902|
instr<10>      |data_Addr<0>   |   25.698|
instr<10>      |data_Addr<1>   |   26.101|
instr<10>      |data_Addr<2>   |   24.830|
instr<10>      |data_Addr<3>   |   24.763|
instr<10>      |data_Addr<4>   |   25.724|
instr<10>      |data_Addr<5>   |   24.617|
instr<10>      |data_Addr<6>   |   25.433|
instr<10>      |data_Addr<7>   |   25.726|
instr<10>      |data_Addr<8>   |   26.856|
instr<10>      |data_Addr<9>   |   25.863|
instr<10>      |data_Addr<10>  |   26.123|
instr<10>      |data_Addr<11>  |   26.056|
instr<10>      |data_Addr<12>  |   27.061|
instr<10>      |data_Addr<13>  |   26.535|
instr<10>      |data_Addr<14>  |   26.022|
instr<10>      |data_Addr<15>  |   26.668|
instr<10>      |write_data<0>  |   11.309|
instr<10>      |write_data<1>  |   11.101|
instr<10>      |write_data<2>  |   11.567|
instr<10>      |write_data<3>  |   11.077|
instr<10>      |write_data<4>  |   10.205|
instr<10>      |write_data<5>  |   10.937|
instr<10>      |write_data<6>  |   11.098|
instr<10>      |write_data<7>  |   10.362|
instr<10>      |write_data<8>  |   10.157|
instr<10>      |write_data<9>  |   10.306|
instr<10>      |write_data<10> |   10.756|
instr<10>      |write_data<11> |   10.749|
instr<10>      |write_data<12> |   10.029|
instr<10>      |write_data<13> |   10.500|
instr<10>      |write_data<14> |    9.485|
instr<10>      |write_data<15> |    9.882|
instr<10>      |write_enable   |    8.550|
instr<11>      |data_Addr<0>   |   26.166|
instr<11>      |data_Addr<1>   |   27.903|
instr<11>      |data_Addr<2>   |   26.179|
instr<11>      |data_Addr<3>   |   25.696|
instr<11>      |data_Addr<4>   |   26.984|
instr<11>      |data_Addr<5>   |   26.130|
instr<11>      |data_Addr<6>   |   26.380|
instr<11>      |data_Addr<7>   |   26.743|
instr<11>      |data_Addr<8>   |   28.008|
instr<11>      |data_Addr<9>   |   26.855|
instr<11>      |data_Addr<10>  |   27.041|
instr<11>      |data_Addr<11>  |   27.360|
instr<11>      |data_Addr<12>  |   28.246|
instr<11>      |data_Addr<13>  |   27.660|
instr<11>      |data_Addr<14>  |   27.854|
instr<11>      |data_Addr<15>  |   27.658|
instr<11>      |write_data<0>  |   14.036|
instr<11>      |write_data<1>  |   13.828|
instr<11>      |write_data<2>  |   14.294|
instr<11>      |write_data<3>  |   13.804|
instr<11>      |write_data<4>  |   12.932|
instr<11>      |write_data<5>  |   13.664|
instr<11>      |write_data<6>  |   13.825|
instr<11>      |write_data<7>  |   13.089|
instr<11>      |write_data<8>  |   12.884|
instr<11>      |write_data<9>  |   13.033|
instr<11>      |write_data<10> |   13.483|
instr<11>      |write_data<11> |   13.476|
instr<11>      |write_data<12> |   12.756|
instr<11>      |write_data<13> |   13.227|
instr<11>      |write_data<14> |   12.212|
instr<11>      |write_data<15> |   12.609|
instr<11>      |write_enable   |    9.374|
instr<12>      |data_Addr<0>   |   25.655|
instr<12>      |data_Addr<1>   |   26.901|
instr<12>      |data_Addr<2>   |   25.177|
instr<12>      |data_Addr<3>   |   25.043|
instr<12>      |data_Addr<4>   |   25.982|
instr<12>      |data_Addr<5>   |   25.128|
instr<12>      |data_Addr<6>   |   25.483|
instr<12>      |data_Addr<7>   |   25.741|
instr<12>      |data_Addr<8>   |   27.006|
instr<12>      |data_Addr<9>   |   25.853|
instr<12>      |data_Addr<10>  |   26.049|
instr<12>      |data_Addr<11>  |   26.358|
instr<12>      |data_Addr<12>  |   27.717|
instr<12>      |data_Addr<13>  |   26.658|
instr<12>      |data_Addr<14>  |   26.852|
instr<12>      |data_Addr<15>  |   26.656|
instr<12>      |write_data<0>  |   13.050|
instr<12>      |write_data<1>  |   12.842|
instr<12>      |write_data<2>  |   13.308|
instr<12>      |write_data<3>  |   12.818|
instr<12>      |write_data<4>  |   11.946|
instr<12>      |write_data<5>  |   12.678|
instr<12>      |write_data<6>  |   12.839|
instr<12>      |write_data<7>  |   12.103|
instr<12>      |write_data<8>  |   11.898|
instr<12>      |write_data<9>  |   12.047|
instr<12>      |write_data<10> |   12.497|
instr<12>      |write_data<11> |   12.490|
instr<12>      |write_data<12> |   11.770|
instr<12>      |write_data<13> |   12.241|
instr<12>      |write_data<14> |   11.226|
instr<12>      |write_data<15> |   11.623|
instr<12>      |write_enable   |    8.341|
instr<13>      |data_Addr<0>   |   25.372|
instr<13>      |data_Addr<1>   |   26.657|
instr<13>      |data_Addr<2>   |   25.356|
instr<13>      |data_Addr<3>   |   24.760|
instr<13>      |data_Addr<4>   |   25.565|
instr<13>      |data_Addr<5>   |   24.358|
instr<13>      |data_Addr<6>   |   25.989|
instr<13>      |data_Addr<7>   |   25.246|
instr<13>      |data_Addr<8>   |   26.243|
instr<13>      |data_Addr<9>   |   25.250|
instr<13>      |data_Addr<10>  |   26.020|
instr<13>      |data_Addr<11>  |   26.130|
instr<13>      |data_Addr<12>  |   27.434|
instr<13>      |data_Addr<13>  |   26.151|
instr<13>      |data_Addr<14>  |   26.082|
instr<13>      |data_Addr<15>  |   26.180|
instr<13>      |write_data<0>  |   11.866|
instr<13>      |write_data<1>  |   11.658|
instr<13>      |write_data<2>  |   12.124|
instr<13>      |write_data<3>  |   11.634|
instr<13>      |write_data<4>  |   10.762|
instr<13>      |write_data<5>  |   11.494|
instr<13>      |write_data<6>  |   11.655|
instr<13>      |write_data<7>  |   10.919|
instr<13>      |write_data<8>  |   10.714|
instr<13>      |write_data<9>  |   10.863|
instr<13>      |write_data<10> |   11.313|
instr<13>      |write_data<11> |   11.306|
instr<13>      |write_data<12> |   10.586|
instr<13>      |write_data<13> |   11.057|
instr<13>      |write_data<14> |   10.042|
instr<13>      |write_data<15> |   10.439|
instr<13>      |write_enable   |   10.421|
instr<14>      |data_Addr<0>   |   24.699|
instr<14>      |data_Addr<1>   |   26.025|
instr<14>      |data_Addr<2>   |   24.724|
instr<14>      |data_Addr<3>   |   24.017|
instr<14>      |data_Addr<4>   |   25.239|
instr<14>      |data_Addr<5>   |   23.933|
instr<14>      |data_Addr<6>   |   25.357|
instr<14>      |data_Addr<7>   |   24.727|
instr<14>      |data_Addr<8>   |   25.857|
instr<14>      |data_Addr<9>   |   24.864|
instr<14>      |data_Addr<10>  |   25.388|
instr<14>      |data_Addr<11>  |   25.498|
instr<14>      |data_Addr<12>  |   26.730|
instr<14>      |data_Addr<13>  |   25.536|
instr<14>      |data_Addr<14>  |   25.657|
instr<14>      |data_Addr<15>  |   25.669|
instr<14>      |write_data<0>  |   12.902|
instr<14>      |write_data<1>  |   12.694|
instr<14>      |write_data<2>  |   13.160|
instr<14>      |write_data<3>  |   12.670|
instr<14>      |write_data<4>  |   11.798|
instr<14>      |write_data<5>  |   12.530|
instr<14>      |write_data<6>  |   12.691|
instr<14>      |write_data<7>  |   11.955|
instr<14>      |write_data<8>  |   11.750|
instr<14>      |write_data<9>  |   11.899|
instr<14>      |write_data<10> |   12.349|
instr<14>      |write_data<11> |   12.342|
instr<14>      |write_data<12> |   11.622|
instr<14>      |write_data<13> |   12.093|
instr<14>      |write_data<14> |   11.078|
instr<14>      |write_data<15> |   11.475|
instr<14>      |write_enable   |   10.035|
instr<15>      |data_Addr<0>   |   25.677|
instr<15>      |data_Addr<1>   |   26.163|
instr<15>      |data_Addr<2>   |   24.908|
instr<15>      |data_Addr<3>   |   24.742|
instr<15>      |data_Addr<4>   |   26.085|
instr<15>      |data_Addr<5>   |   24.596|
instr<15>      |data_Addr<6>   |   24.997|
instr<15>      |data_Addr<7>   |   25.705|
instr<15>      |data_Addr<8>   |   26.835|
instr<15>      |data_Addr<9>   |   25.842|
instr<15>      |data_Addr<10>  |   26.102|
instr<15>      |data_Addr<11>  |   26.068|
instr<15>      |data_Addr<12>  |   27.207|
instr<15>      |data_Addr<13>  |   26.514|
instr<15>      |data_Addr<14>  |   26.114|
instr<15>      |data_Addr<15>  |   26.647|
instr<15>      |write_data<0>  |   13.750|
instr<15>      |write_data<1>  |   13.542|
instr<15>      |write_data<2>  |   14.008|
instr<15>      |write_data<3>  |   13.518|
instr<15>      |write_data<4>  |   12.646|
instr<15>      |write_data<5>  |   13.378|
instr<15>      |write_data<6>  |   13.539|
instr<15>      |write_data<7>  |   12.803|
instr<15>      |write_data<8>  |   12.598|
instr<15>      |write_data<9>  |   12.747|
instr<15>      |write_data<10> |   13.197|
instr<15>      |write_data<11> |   13.190|
instr<15>      |write_data<12> |   12.470|
instr<15>      |write_data<13> |   12.941|
instr<15>      |write_data<14> |   11.926|
instr<15>      |write_data<15> |   12.323|
instr<15>      |write_enable   |   10.941|
---------------+---------------+---------+


Analysis completed Thu Dec 08 02:19:03 2022 
--------------------------------------------------------------------------------

Trace Settings:
-------------------------
Trace Settings 

Peak Memory Usage: 4526 MB



